// Jest Snapshot v1, https://goo.gl/fbAQLP

exports[`EmptyMessage component displays image and corresponding text 1`] = `
<DocumentFragment>
  <div
    class="emptyMessage"
  >
    <img
      alt=""
      src="money.png"
    />
    <p>
      Nothing was found
    </p>
  </div>
</DocumentFragment>
`;
